// Jest Snapshot v1, https://goo.gl/fbAQLP

exports[`CharDetailContainer container tests detailed character tests 1`] = `
Array [
  <img
    src="https://vignette.wikia.nocookie.net/avatar/images/6/6f/Arik.png/revision/latest?cb=20140808184002"
  />,
]
`;
